*** Using Compiler 'V6.19', folder: 'D:\RM\tools\Keil_v5\ARM\ARMCLANG\Bin'
Rebuild target '261003Class'
compiling freertos.c...
compiling main.c...
compiling stm32f4xx_it.c...
compiling gpio.c...
compiling stm32f4xx_hal_msp.c...
assembling startup_stm32f407xx.s...
compiling stm32f4xx_hal_timebase_tim.c...
compiling stm32f4xx_hal_rcc_ex.c...
compiling stm32f4xx_hal_flash.c...
compiling stm32f4xx_hal_gpio.c...
compiling stm32f4xx_hal_rcc.c...
compiling stm32f4xx_hal_flash_ex.c...
compiling stm32f4xx_hal_dma_ex.c...
compiling croutine.c...
compiling stm32f4xx_hal_flash_ramfunc.c...
compiling stm32f4xx_hal_pwr_ex.c...
compiling system_stm32f4xx.c...
compiling stm32f4xx_hal_cortex.c...
compiling stm32f4xx_hal_pwr.c...
compiling stm32f4xx_hal_exti.c...
compiling stm32f4xx_hal.c...
compiling stm32f4xx_hal_dma.c...
compiling list.c...
compiling stm32f4xx_hal_tim_ex.c...
compiling event_groups.c...
compiling port.c...
compiling heap_4.c...
compiling queue.c...
compiling timers.c...
compiling stream_buffer.c...
compiling stm32f4xx_hal_tim.c...
compiling cmsis_os2.c...
compiling tasks.c...
linking...
Program Size: Code=12238 RO-data=506 RW-data=16 ZI-data=20480  
FromELF: creating hex file...
"261003Class\261003Class.axf" - 0 Error(s), 0 Warning(s).
Build Time Elapsed:  00:00:01
